TY_VOID: Right Term (Literal (TypeLit TypeVoid))
TY_BOOL: Right Term (Literal (TypeLit TypeBool))
TY_BOOL_C23: Right Term (Literal (TypeLit TypeBool))
TY_INT: Right Term (Literal (TypeLit (TypeInt Nothing (Just SizeInt))))
TY_SIGNED: Right Term (Literal (TypeLit (TypeInt (Just Signed) Nothing)))
TY_UNSIGNED: Right Term (Literal (TypeLit (TypeInt (Just Unsigned) Nothing)))
TY_SHORT: Right Term (Literal (TypeLit (TypeInt Nothing (Just SizeShort))))
TY_LONG: Right Term (Literal (TypeLit (TypeInt Nothing (Just SizeLong))))
TY_LONG_LONG: Right Term (Literal (TypeLit (TypeInt Nothing (Just SizeLongLong))))
TY_UNSIGNED_INT: Right Term (Literal (TypeLit (TypeInt (Just Unsigned) (Just SizeInt))))
TY_SIGNED_INT: Right Term (Literal (TypeLit (TypeInt (Just Signed) (Just SizeInt))))
TY_UNSIGNED_SHORT: Right Term (Literal (TypeLit (TypeInt (Just Unsigned) (Just SizeShort))))
TY_UNSIGNED_LONG: Right Term (Literal (TypeLit (TypeInt (Just Unsigned) (Just SizeLong))))
TY_UNSIGNED_LONG_LONG: Right Term (Literal (TypeLit (TypeInt (Just Unsigned) (Just SizeLongLong))))
TY_LONG_LONG_INT: Right Term (Literal (TypeLit (TypeInt Nothing (Just SizeLongLong))))
TY_CHAR: Right Term (Literal (TypeLit (TypeChar Nothing)))
TY_SIGNED_CHAR: Right Term (Literal (TypeLit (TypeChar (Just Signed))))
TY_UNSIGNED_CHAR: Right Term (Literal (TypeLit (TypeChar (Just Unsigned))))
TY_FLOAT: Right Term (Literal (TypeLit (TypeFloat SizeFloat)))
TY_DOUBLE: Right Term (Literal (TypeLit (TypeFloat SizeDouble)))
TY_CONST_INT: Right TyApp Const (Term (Literal (TypeLit (TypeInt Nothing (Just SizeInt)))) ::: VNil)
TY_INT_CONST: Right TyApp Const (Term (Literal (TypeLit (TypeInt Nothing (Just SizeInt)))) ::: VNil)
TY_CONST_VOID: Right TyApp Const (Term (Literal (TypeLit TypeVoid)) ::: VNil)
TY_INT_PTR: Right TyApp Pointer (Term (Literal (TypeLit (TypeInt Nothing (Just SizeInt)))) ::: VNil)
TY_INT_PTR_PTR: Right TyApp Pointer (TyApp Pointer (Term (Literal (TypeLit (TypeInt Nothing (Just SizeInt)))) ::: VNil) ::: VNil)
TY_VOID_PTR: Right TyApp Pointer (Term (Literal (TypeLit TypeVoid)) ::: VNil)
TY_CONST_INT_PTR: Right TyApp Pointer (TyApp Const (Term (Literal (TypeLit (TypeInt Nothing (Just SizeInt)))) ::: VNil) ::: VNil)
TY_INT_PTR_CONST: Right TyApp Const (TyApp Pointer (Term (Literal (TypeLit (TypeInt Nothing (Just SizeInt)))) ::: VNil) ::: VNil)
PTR_TO_CONST_L: Right TyApp Pointer (TyApp Const (Term (Literal (TypeLit (TypeInt Nothing (Just SizeInt)))) ::: VNil) ::: VNil)
PTR_TO_CONST_R: Right TyApp Pointer (TyApp Const (Term (Literal (TypeLit (TypeInt Nothing (Just SizeInt)))) ::: VNil) ::: VNil)
CONST_PTR: Right TyApp Const (TyApp Pointer (Term (Literal (TypeLit (TypeInt Nothing (Just SizeInt)))) ::: VNil) ::: VNil)
CONST_PTR_TO_CONST_L: Right TyApp Const (TyApp Pointer (TyApp Const (Term (Literal (TypeLit (TypeInt Nothing (Just SizeInt)))) ::: VNil) ::: VNil) ::: VNil)
CONST_PTR_TO_CONST_R: Right TyApp Const (TyApp Pointer (TyApp Const (Term (Literal (TypeLit (TypeInt Nothing (Just SizeInt)))) ::: VNil) ::: VNil) ::: VNil)
CONST_PTR_CHAIN_1: Right TyApp Pointer (TyApp Const (TyApp Pointer (TyApp Const (TyApp Pointer (TyApp Const (Term (Literal (TypeLit (TypeInt Nothing (Just SizeInt)))) ::: VNil) ::: VNil) ::: VNil) ::: VNil) ::: VNil) ::: VNil)
CONST_PTR_CHAIN_2: Right TyApp Const (TyApp Pointer (TyApp Const (TyApp Pointer (TyApp Const (TyApp Pointer (TyApp Const (Term (Literal (TypeLit (TypeInt Nothing (Just SizeInt)))) ::: VNil) ::: VNil) ::: VNil) ::: VNil) ::: VNil) ::: VNil) ::: VNil)
CONST_PTR_CHAIN_3: Right TyApp Const (TyApp Pointer (TyApp Const (TyApp Pointer (TyApp Pointer (TyApp Const (TyApp Pointer (TyApp Const (Term (Literal (TypeLit (TypeInt Nothing (Just SizeInt)))) ::: VNil) ::: VNil) ::: VNil) ::: VNil) ::: VNil) ::: VNil) ::: VNil) ::: VNil)
CONST_PTR_CHAIN_4: Right TyApp Pointer (TyApp Const (TyApp Pointer (TyApp Const (TyApp Pointer (TyApp Const (Term (Literal (TypeLit (TypeInt Nothing (Just SizeInt)))) ::: VNil) ::: VNil) ::: VNil) ::: VNil) ::: VNil) ::: VNil)
CONST_PTR_CHAIN_5: Right TyApp Const (TyApp Pointer (TyApp Const (TyApp Pointer (TyApp Const (TyApp Pointer (TyApp Const (Term (Literal (TypeLit (TypeInt Nothing (Just SizeInt)))) ::: VNil) ::: VNil) ::: VNil) ::: VNil) ::: VNil) ::: VNil) ::: VNil)
CONST_PTR_CHAIN_6: Right TyApp Const (TyApp Pointer (TyApp Const (TyApp Pointer (TyApp Pointer (TyApp Const (TyApp Pointer (TyApp Const (Term (Literal (TypeLit (TypeInt Nothing (Just SizeInt)))) ::: VNil) ::: VNil) ::: VNil) ::: VNil) ::: VNil) ::: VNil) ::: VNil) ::: VNil)
CONST_PTR_CHAIN_7: Right TyApp Const (TyApp Pointer (TyApp Pointer (TyApp Pointer (TyApp Pointer (TyApp Const (Term (Literal (TypeLit (TypeInt Nothing (Just SizeInt)))) ::: VNil) ::: VNil) ::: VNil) ::: VNil) ::: VNil) ::: VNil)
CONST_PTR_CHAIN_8: Right TyApp Const (TyApp Pointer (TyApp Pointer (TyApp Pointer (TyApp Pointer (TyApp Const (Term (Literal (TypeLit (TypeInt Nothing (Just SizeInt)))) ::: VNil) ::: VNil) ::: VNil) ::: VNil) ::: VNil) ::: VNil)
CONST_PTR_CHAIN_9: Right TyApp Pointer (TyApp Const (TyApp Pointer (TyApp Pointer (TyApp Pointer (TyApp Pointer (Term (Literal (TypeLit (TypeInt Nothing (Just SizeInt)))) ::: VNil) ::: VNil) ::: VNil) ::: VNil) ::: VNil) ::: VNil)
TY_STRUCT_FOO: Right Term (Literal (TypeTagged TagStruct "Foo"))
TY_UNION_BAR: Right Term (Literal (TypeTagged TagUnion "Bar"))
TY_ENUM_BAZ: Right Term (Literal (TypeTagged TagEnum "Baz"))
TY_STRUCT_FOO_PTR: Right TyApp Pointer (Term (Literal (TypeTagged TagStruct "Foo")) ::: VNil)
TY_SIZE_T: Right Term (Var NoXVar "size_t" [])
TY_UINT32_T: Right Term (Var NoXVar "uint32_t" [])
TY_CONST_SIZE_T: Right TyApp Const (Term (Var NoXVar "size_t" []) ::: VNil)
TY_SIZE_T_PTR: Right TyApp Pointer (Term (Var NoXVar "size_t" []) ::: VNil)
TY_MACRO_REF: Right Term (Var NoXVar "EXPR_FORTY_TWO" [])
EXPR_ZERO: Right Term (Literal (ValueLit (ValueInt (IntegerLiteral {integerLiteralText = "0", integerLiteralType = Int Signed, integerLiteralValue = 0}))))
EXPR_ONE: Right Term (Literal (ValueLit (ValueInt (IntegerLiteral {integerLiteralText = "1", integerLiteralType = Int Signed, integerLiteralValue = 1}))))
EXPR_FORTY_TWO: Right Term (Literal (ValueLit (ValueInt (IntegerLiteral {integerLiteralText = "42", integerLiteralType = Int Signed, integerLiteralValue = 42}))))
EXPR_HEX: Right Term (Literal (ValueLit (ValueInt (IntegerLiteral {integerLiteralText = "0xFF", integerLiteralType = Int Signed, integerLiteralValue = 255}))))
EXPR_NEG: Right VaApp NoXApp MUnaryMinus (Term (Literal (ValueLit (ValueInt (IntegerLiteral {integerLiteralText = "1", integerLiteralType = Int Signed, integerLiteralValue = 1})))) ::: VNil)
EXPR_ADD: Right VaApp NoXApp MAdd (Term (Literal (ValueLit (ValueInt (IntegerLiteral {integerLiteralText = "1", integerLiteralType = Int Signed, integerLiteralValue = 1})))) ::: Term (Literal (ValueLit (ValueInt (IntegerLiteral {integerLiteralText = "2", integerLiteralType = Int Signed, integerLiteralValue = 2})))) ::: VNil)
EXPR_SUB: Right VaApp NoXApp MSub (Term (Literal (ValueLit (ValueInt (IntegerLiteral {integerLiteralText = "10", integerLiteralType = Int Signed, integerLiteralValue = 10})))) ::: Term (Literal (ValueLit (ValueInt (IntegerLiteral {integerLiteralText = "3", integerLiteralType = Int Signed, integerLiteralValue = 3})))) ::: VNil)
EXPR_MUL: Right VaApp NoXApp MMult (Term (Literal (ValueLit (ValueInt (IntegerLiteral {integerLiteralText = "4", integerLiteralType = Int Signed, integerLiteralValue = 4})))) ::: Term (Literal (ValueLit (ValueInt (IntegerLiteral {integerLiteralText = "5", integerLiteralType = Int Signed, integerLiteralValue = 5})))) ::: VNil)
EXPR_DIV: Right VaApp NoXApp MDiv (Term (Literal (ValueLit (ValueInt (IntegerLiteral {integerLiteralText = "8", integerLiteralType = Int Signed, integerLiteralValue = 8})))) ::: Term (Literal (ValueLit (ValueInt (IntegerLiteral {integerLiteralText = "2", integerLiteralType = Int Signed, integerLiteralValue = 2})))) ::: VNil)
EXPR_SHIFT_LEFT: Right VaApp NoXApp MShiftLeft (Term (Literal (ValueLit (ValueInt (IntegerLiteral {integerLiteralText = "1", integerLiteralType = Int Signed, integerLiteralValue = 1})))) ::: Term (Literal (ValueLit (ValueInt (IntegerLiteral {integerLiteralText = "4", integerLiteralType = Int Signed, integerLiteralValue = 4})))) ::: VNil)
EXPR_BITWISE_OR: Right VaApp NoXApp MBitwiseOr (Term (Literal (ValueLit (ValueInt (IntegerLiteral {integerLiteralText = "0x0F", integerLiteralType = Int Signed, integerLiteralValue = 15})))) ::: Term (Literal (ValueLit (ValueInt (IntegerLiteral {integerLiteralText = "0xF0", integerLiteralType = Int Signed, integerLiteralValue = 240})))) ::: VNil)
EXPR_PARENS: Right Term (Literal (ValueLit (ValueInt (IntegerLiteral {integerLiteralText = "42", integerLiteralType = Int Signed, integerLiteralValue = 42}))))
EXPR_COMPOUND: Right VaApp NoXApp MMult (VaApp NoXApp MAdd (Term (Literal (ValueLit (ValueInt (IntegerLiteral {integerLiteralText = "1", integerLiteralType = Int Signed, integerLiteralValue = 1})))) ::: Term (Literal (ValueLit (ValueInt (IntegerLiteral {integerLiteralText = "2", integerLiteralType = Int Signed, integerLiteralValue = 2})))) ::: VNil) ::: Term (Literal (ValueLit (ValueInt (IntegerLiteral {integerLiteralText = "3", integerLiteralType = Int Signed, integerLiteralValue = 3})))) ::: VNil)
FUNC_IDENTITY: Right Term (LocalParam 0)
FUNC_ADD: Right VaApp NoXApp MAdd (Term (LocalParam 1) ::: Term (LocalParam 0) ::: VNil)
FUNC_NEG: Right VaApp NoXApp MUnaryMinus (Term (LocalParam 0) ::: VNil)
FUNC_MULTIPLE_LOCAL_PARAMS: Right VaApp NoXApp MAdd (Term (LocalParam 3) ::: VaApp NoXApp MSub (Term (LocalParam 2) ::: VaApp NoXApp MAdd (Term (LocalParam 1) ::: Term (LocalParam 0) ::: VNil) ::: VNil) ::: VNil)
EXPR_REF_ADD: Right VaApp NoXApp MAdd (Term (Var NoXVar "EXPR_ONE" []) ::: Term (Var NoXVar "EXPR_FORTY_TWO" []) ::: VNil)
EXPR_CALL_ADD: Right Term (Var NoXVar "FUNC_ADD" [Term (Literal (ValueLit (ValueInt (IntegerLiteral {integerLiteralText = "1", integerLiteralType = Int Signed, integerLiteralValue = 1})))),Term (Literal (ValueLit (ValueInt (IntegerLiteral {integerLiteralText = "2", integerLiteralType = Int Signed, integerLiteralValue = 2}))))])
EXPR_CALL_NESTED: Right VaApp NoXApp MAdd (Term (Var NoXVar "FUNC_ADD" [Term (Var NoXVar "EXPR_ONE" []),Term (Var NoXVar "EXPR_FORTY_TWO" [])]) ::: Term (Literal (ValueLit (ValueInt (IntegerLiteral {integerLiteralText = "1", integerLiteralType = Int Signed, integerLiteralValue = 1})))) ::: VNil)
CAST_SINGLE_NOKW: Right Term (Var NoXVar "x" [])
CAST_SINGLE_KW: Left <parse error>
BAD_CAST: Left <parse error>
BAD_KEYWORD_AS_PARAM: Left <parse error>
TFUN2: Right Term (Literal (TypeLit (TypeInt Nothing (Just SizeInt))))
BAD_TERNARY: Left <parse error>
BAD_LONG_DOUBLE: Left <parse error>
